Fri Apr 29 11:49:23 CEST 2022
